// Vitest Snapshot v1, https://vitest.dev/guide/snapshot.html

exports[`MovieCard Component > should match snapshot 1`] = `
<DocumentFragment>
  <div
    class="w-72 h-full bg-black/5 rounded-sm hover:opacity-70 transition-all"
  >
    <img
      alt="Game of Thrones"
      class="w-full h-48 object-cover rounded-t-sm"
      src="https://image.tmdb.org/t/p/w500/poster_title.jpg"
    />
    <div
      class="p-4 mt-4 flex flex-col gap-8"
    >
      <h2
        class="text-xl font-bold text-white"
      >
        Game of Thrones
      </h2>
      <p
        class="text-white/50"
      >
        Seven noble families fight for control of the mythical land... 
        <span
          class=" text-amber-400"
        >
          Read more &gt;&gt;
        </span>
         
      </p>
    </div>
  </div>
</DocumentFragment>
`;
